------------------------------------------------------------
Timing Analyzer Summary
------------------------------------------------------------

Type  : Slow 1200mV 85C Model Setup 'RX_C3'
Slack : -0.340
TNS   : -1.430

Type  : Slow 1200mV 85C Model Setup 'FT_CLK'
Slack : 0.615
TNS   : 0.000

Type  : Slow 1200mV 85C Model Setup 'LMK_CLK'
Slack : 7.036
TNS   : 0.000

Type  : Slow 1200mV 85C Model Setup 'ONCHIP_FLASH_CLK'
Slack : 11.437
TNS   : 0.000

Type  : Slow 1200mV 85C Model Setup 'DUAL_BOOT_CLK'
Slack : 18.645
TNS   : 0.000

Type  : Slow 1200mV 85C Model Setup 'FPGA_SPI_SCLK_FPGA'
Slack : 18.815
TNS   : 0.000

Type  : Slow 1200mV 85C Model Setup 'FPGA_SPI_SCLK_out'
Slack : 31.656
TNS   : 0.000

Type  : Slow 1200mV 85C Model Setup 'altera_reserved_tck'
Slack : 44.913
TNS   : 0.000

Type  : Slow 1200mV 85C Model Hold 'LMK_CLK'
Slack : 0.220
TNS   : 0.000

Type  : Slow 1200mV 85C Model Hold 'FT_CLK'
Slack : 0.262
TNS   : 0.000

Type  : Slow 1200mV 85C Model Hold 'RX_C3'
Slack : 0.284
TNS   : 0.000

Type  : Slow 1200mV 85C Model Hold 'altera_reserved_tck'
Slack : 0.361
TNS   : 0.000

Type  : Slow 1200mV 85C Model Hold 'FPGA_SPI_SCLK_FPGA'
Slack : 0.362
TNS   : 0.000

Type  : Slow 1200mV 85C Model Hold 'DUAL_BOOT_CLK'
Slack : 1.863
TNS   : 0.000

Type  : Slow 1200mV 85C Model Hold 'ONCHIP_FLASH_CLK'
Slack : 5.149
TNS   : 0.000

Type  : Slow 1200mV 85C Model Hold 'FPGA_SPI_SCLK_out'
Slack : 34.756
TNS   : 0.000

Type  : Slow 1200mV 85C Model Recovery 'RX_C3'
Slack : 0.488
TNS   : 0.000

Type  : Slow 1200mV 85C Model Recovery 'FT_CLK'
Slack : 6.510
TNS   : 0.000

Type  : Slow 1200mV 85C Model Recovery 'LMK_CLK'
Slack : 8.471
TNS   : 0.000

Type  : Slow 1200mV 85C Model Recovery 'FPGA_SPI_SCLK_FPGA'
Slack : 21.380
TNS   : 0.000

Type  : Slow 1200mV 85C Model Recovery 'altera_reserved_tck'
Slack : 97.086
TNS   : 0.000

Type  : Slow 1200mV 85C Model Removal 'RX_C3'
Slack : 0.985
TNS   : 0.000

Type  : Slow 1200mV 85C Model Removal 'FT_CLK'
Slack : 0.992
TNS   : 0.000

Type  : Slow 1200mV 85C Model Removal 'FPGA_SPI_SCLK_FPGA'
Slack : 1.068
TNS   : 0.000

Type  : Slow 1200mV 85C Model Removal 'altera_reserved_tck'
Slack : 1.172
TNS   : 0.000

Type  : Slow 1200mV 85C Model Removal 'LMK_CLK'
Slack : 1.468
TNS   : 0.000

Type  : Slow 1200mV 85C Model Minimum Pulse Width 'DUAL_BOOT_CLK'
Slack : 0.000
TNS   : 0.000

Type  : Slow 1200mV 85C Model Minimum Pulse Width 'LMS_MCLK2'
Slack : 1.750
TNS   : 0.000

Type  : Slow 1200mV 85C Model Minimum Pulse Width 'RX_C3'
Slack : 1.750
TNS   : 0.000

Type  : Slow 1200mV 85C Model Minimum Pulse Width 'LMS_FCLK1'
Slack : 3.556
TNS   : 0.000

Type  : Slow 1200mV 85C Model Minimum Pulse Width 'LMS_FCLK2'
Slack : 3.556
TNS   : 0.000

Type  : Slow 1200mV 85C Model Minimum Pulse Width 'RX_C2'
Slack : 3.556
TNS   : 0.000

Type  : Slow 1200mV 85C Model Minimum Pulse Width 'TX_C0'
Slack : 3.556
TNS   : 0.000

Type  : Slow 1200mV 85C Model Minimum Pulse Width 'LMS_MCLK1'
Slack : 4.000
TNS   : 0.000

Type  : Slow 1200mV 85C Model Minimum Pulse Width 'FT_CLK'
Slack : 4.547
TNS   : 0.000

Type  : Slow 1200mV 85C Model Minimum Pulse Width 'LMK_CLK'
Slack : 10.396
TNS   : 0.000

Type  : Slow 1200mV 85C Model Minimum Pulse Width 'ONCHIP_FLASH_CLK'
Slack : 47.885
TNS   : 0.000

Type  : Slow 1200mV 85C Model Minimum Pulse Width 'FPGA_SPI_SCLK_FPGA'
Slack : 49.687
TNS   : 0.000

Type  : Slow 1200mV 85C Model Minimum Pulse Width 'altera_reserved_tck'
Slack : 49.722
TNS   : 0.000

Type  : Slow 1200mV 85C Model Minimum Pulse Width 'FPGA_SPI_SCLK'
Slack : 49.773
TNS   : 0.000

Type  : Slow 1200mV 85C Model Minimum Pulse Width 'FPGA_SPI_SCLK_out'
Slack : 95.556
TNS   : 0.000

Type  : Slow 1200mV 0C Model Setup 'RX_C3'
Slack : 0.291
TNS   : 0.000

Type  : Slow 1200mV 0C Model Setup 'FT_CLK'
Slack : 1.141
TNS   : 0.000

Type  : Slow 1200mV 0C Model Setup 'LMK_CLK'
Slack : 7.221
TNS   : 0.000

Type  : Slow 1200mV 0C Model Setup 'ONCHIP_FLASH_CLK'
Slack : 12.266
TNS   : 0.000

Type  : Slow 1200mV 0C Model Setup 'DUAL_BOOT_CLK'
Slack : 18.829
TNS   : 0.000

Type  : Slow 1200mV 0C Model Setup 'FPGA_SPI_SCLK_FPGA'
Slack : 19.077
TNS   : 0.000

Type  : Slow 1200mV 0C Model Setup 'FPGA_SPI_SCLK_out'
Slack : 31.683
TNS   : 0.000

Type  : Slow 1200mV 0C Model Setup 'altera_reserved_tck'
Slack : 45.112
TNS   : 0.000

Type  : Slow 1200mV 0C Model Hold 'LMK_CLK'
Slack : 0.045
TNS   : 0.000

Type  : Slow 1200mV 0C Model Hold 'FT_CLK'
Slack : 0.238
TNS   : 0.000

Type  : Slow 1200mV 0C Model Hold 'RX_C3'
Slack : 0.256
TNS   : 0.000

Type  : Slow 1200mV 0C Model Hold 'altera_reserved_tck'
Slack : 0.323
TNS   : 0.000

Type  : Slow 1200mV 0C Model Hold 'FPGA_SPI_SCLK_FPGA'
Slack : 0.324
TNS   : 0.000

Type  : Slow 1200mV 0C Model Hold 'DUAL_BOOT_CLK'
Slack : 1.502
TNS   : 0.000

Type  : Slow 1200mV 0C Model Hold 'ONCHIP_FLASH_CLK'
Slack : 4.595
TNS   : 0.000

Type  : Slow 1200mV 0C Model Hold 'FPGA_SPI_SCLK_out'
Slack : 34.702
TNS   : 0.000

Type  : Slow 1200mV 0C Model Recovery 'RX_C3'
Slack : 0.519
TNS   : 0.000

Type  : Slow 1200mV 0C Model Recovery 'FT_CLK'
Slack : 6.691
TNS   : 0.000

Type  : Slow 1200mV 0C Model Recovery 'LMK_CLK'
Slack : 8.732
TNS   : 0.000

Type  : Slow 1200mV 0C Model Recovery 'FPGA_SPI_SCLK_FPGA'
Slack : 21.636
TNS   : 0.000

Type  : Slow 1200mV 0C Model Recovery 'altera_reserved_tck'
Slack : 97.249
TNS   : 0.000

Type  : Slow 1200mV 0C Model Removal 'FPGA_SPI_SCLK_FPGA'
Slack : 0.832
TNS   : 0.000

Type  : Slow 1200mV 0C Model Removal 'RX_C3'
Slack : 0.901
TNS   : 0.000

Type  : Slow 1200mV 0C Model Removal 'FT_CLK'
Slack : 0.913
TNS   : 0.000

Type  : Slow 1200mV 0C Model Removal 'altera_reserved_tck'
Slack : 1.096
TNS   : 0.000

Type  : Slow 1200mV 0C Model Removal 'LMK_CLK'
Slack : 1.291
TNS   : 0.000

Type  : Slow 1200mV 0C Model Minimum Pulse Width 'DUAL_BOOT_CLK'
Slack : 0.000
TNS   : 0.000

Type  : Slow 1200mV 0C Model Minimum Pulse Width 'LMS_MCLK2'
Slack : 1.750
TNS   : 0.000

Type  : Slow 1200mV 0C Model Minimum Pulse Width 'RX_C3'
Slack : 1.750
TNS   : 0.000

Type  : Slow 1200mV 0C Model Minimum Pulse Width 'LMS_FCLK1'
Slack : 3.556
TNS   : 0.000

Type  : Slow 1200mV 0C Model Minimum Pulse Width 'LMS_FCLK2'
Slack : 3.556
TNS   : 0.000

Type  : Slow 1200mV 0C Model Minimum Pulse Width 'RX_C2'
Slack : 3.556
TNS   : 0.000

Type  : Slow 1200mV 0C Model Minimum Pulse Width 'TX_C0'
Slack : 3.556
TNS   : 0.000

Type  : Slow 1200mV 0C Model Minimum Pulse Width 'LMS_MCLK1'
Slack : 4.000
TNS   : 0.000

Type  : Slow 1200mV 0C Model Minimum Pulse Width 'FT_CLK'
Slack : 4.568
TNS   : 0.000

Type  : Slow 1200mV 0C Model Minimum Pulse Width 'LMK_CLK'
Slack : 10.435
TNS   : 0.000

Type  : Slow 1200mV 0C Model Minimum Pulse Width 'ONCHIP_FLASH_CLK'
Slack : 47.886
TNS   : 0.000

Type  : Slow 1200mV 0C Model Minimum Pulse Width 'FPGA_SPI_SCLK_FPGA'
Slack : 49.603
TNS   : 0.000

Type  : Slow 1200mV 0C Model Minimum Pulse Width 'FPGA_SPI_SCLK'
Slack : 49.671
TNS   : 0.000

Type  : Slow 1200mV 0C Model Minimum Pulse Width 'altera_reserved_tck'
Slack : 49.691
TNS   : 0.000

Type  : Slow 1200mV 0C Model Minimum Pulse Width 'FPGA_SPI_SCLK_out'
Slack : 95.556
TNS   : 0.000

Type  : Fast 1200mV 0C Model Setup 'RX_C3'
Slack : 1.243
TNS   : 0.000

Type  : Fast 1200mV 0C Model Setup 'FT_CLK'
Slack : 1.989
TNS   : 0.000

Type  : Fast 1200mV 0C Model Setup 'LMK_CLK'
Slack : 9.027
TNS   : 0.000

Type  : Fast 1200mV 0C Model Setup 'ONCHIP_FLASH_CLK'
Slack : 19.601
TNS   : 0.000

Type  : Fast 1200mV 0C Model Setup 'DUAL_BOOT_CLK'
Slack : 21.919
TNS   : 0.000

Type  : Fast 1200mV 0C Model Setup 'FPGA_SPI_SCLK_FPGA'
Slack : 22.431
TNS   : 0.000

Type  : Fast 1200mV 0C Model Setup 'FPGA_SPI_SCLK_out'
Slack : 33.635
TNS   : 0.000

Type  : Fast 1200mV 0C Model Setup 'altera_reserved_tck'
Slack : 47.881
TNS   : 0.000

Type  : Fast 1200mV 0C Model Hold 'LMK_CLK'
Slack : 0.000
TNS   : 0.000

Type  : Fast 1200mV 0C Model Hold 'FT_CLK'
Slack : 0.094
TNS   : 0.000

Type  : Fast 1200mV 0C Model Hold 'RX_C3'
Slack : 0.097
TNS   : 0.000

Type  : Fast 1200mV 0C Model Hold 'FPGA_SPI_SCLK_FPGA'
Slack : 0.152
TNS   : 0.000

Type  : Fast 1200mV 0C Model Hold 'altera_reserved_tck'
Slack : 0.152
TNS   : 0.000

Type  : Fast 1200mV 0C Model Hold 'DUAL_BOOT_CLK'
Slack : 0.509
TNS   : 0.000

Type  : Fast 1200mV 0C Model Hold 'ONCHIP_FLASH_CLK'
Slack : 0.985
TNS   : 0.000

Type  : Fast 1200mV 0C Model Hold 'FPGA_SPI_SCLK_out'
Slack : 34.672
TNS   : 0.000

Type  : Fast 1200mV 0C Model Recovery 'RX_C3'
Slack : 2.724
TNS   : 0.000

Type  : Fast 1200mV 0C Model Recovery 'FT_CLK'
Slack : 8.443
TNS   : 0.000

Type  : Fast 1200mV 0C Model Recovery 'LMK_CLK'
Slack : 10.901
TNS   : 0.000

Type  : Fast 1200mV 0C Model Recovery 'FPGA_SPI_SCLK_FPGA'
Slack : 23.117
TNS   : 0.000

Type  : Fast 1200mV 0C Model Recovery 'altera_reserved_tck'
Slack : 98.659
TNS   : 0.000

Type  : Fast 1200mV 0C Model Removal 'FPGA_SPI_SCLK_FPGA'
Slack : 0.292
TNS   : 0.000

Type  : Fast 1200mV 0C Model Removal 'RX_C3'
Slack : 0.408
TNS   : 0.000

Type  : Fast 1200mV 0C Model Removal 'FT_CLK'
Slack : 0.411
TNS   : 0.000

Type  : Fast 1200mV 0C Model Removal 'altera_reserved_tck'
Slack : 0.479
TNS   : 0.000

Type  : Fast 1200mV 0C Model Removal 'LMK_CLK'
Slack : 0.603
TNS   : 0.000

Type  : Fast 1200mV 0C Model Minimum Pulse Width 'DUAL_BOOT_CLK'
Slack : 0.000
TNS   : 0.000

Type  : Fast 1200mV 0C Model Minimum Pulse Width 'LMS_MCLK2'
Slack : 2.986
TNS   : 0.000

Type  : Fast 1200mV 0C Model Minimum Pulse Width 'RX_C3'
Slack : 3.542
TNS   : 0.000

Type  : Fast 1200mV 0C Model Minimum Pulse Width 'TX_C0'
Slack : 3.545
TNS   : 0.000

Type  : Fast 1200mV 0C Model Minimum Pulse Width 'RX_C2'
Slack : 3.565
TNS   : 0.000

Type  : Fast 1200mV 0C Model Minimum Pulse Width 'LMS_FCLK1'
Slack : 4.000
TNS   : 0.000

Type  : Fast 1200mV 0C Model Minimum Pulse Width 'LMS_FCLK2'
Slack : 4.000
TNS   : 0.000

Type  : Fast 1200mV 0C Model Minimum Pulse Width 'LMS_MCLK1'
Slack : 4.000
TNS   : 0.000

Type  : Fast 1200mV 0C Model Minimum Pulse Width 'FT_CLK'
Slack : 4.259
TNS   : 0.000

Type  : Fast 1200mV 0C Model Minimum Pulse Width 'LMK_CLK'
Slack : 10.200
TNS   : 0.000

Type  : Fast 1200mV 0C Model Minimum Pulse Width 'ONCHIP_FLASH_CLK'
Slack : 47.966
TNS   : 0.000

Type  : Fast 1200mV 0C Model Minimum Pulse Width 'FPGA_SPI_SCLK_FPGA'
Slack : 49.671
TNS   : 0.000

Type  : Fast 1200mV 0C Model Minimum Pulse Width 'altera_reserved_tck'
Slack : 49.691
TNS   : 0.000

Type  : Fast 1200mV 0C Model Minimum Pulse Width 'FPGA_SPI_SCLK'
Slack : 49.878
TNS   : 0.000

Type  : Fast 1200mV 0C Model Minimum Pulse Width 'FPGA_SPI_SCLK_out'
Slack : 96.000
TNS   : 0.000

------------------------------------------------------------
